GET /repos/57bbf045-f4fb-4d57-bd66-80f5b9770243/pulls
GET /repos
GET /pulls/509f8039-0250-4bfa-ab54-b88dac0a20dc
GET /pulls/509f8039-0250-4bfa-ab54-b88dac0a20dc/reviews
GET /pulls/509f8039-0250-4bfa-ab54-b88dac0a20dc/runs/active
GET /pulls/509f8039-0250-4bfa-ab54-b88dac0a20dc/runs
GET /agents
GET /pulls/509f8039-0250-4bfa-ab54-b88dac0a20dc/intent
GET /pulls/509f8039-0250-4bfa-ab54-b88dac0a20dc/blast
GET /repos/57bbf045-f4fb-4d57-bd66-80f5b9770243/index-state
GET /repos/57bbf045-f4fb-4d57-bd66-80f5b9770243/pulls
GET /repos
GET /pulls/509f8039-0250-4bfa-ab54-b88dac0a20dc
GET /pulls/509f8039-0250-4bfa-ab54-b88dac0a20dc/reviews
GET /pulls/509f8039-0250-4bfa-ab54-b88dac0a20dc/runs/active
GET /pulls/509f8039-0250-4bfa-ab54-b88dac0a20dc/runs
GET /agents
GET /pulls/509f8039-0250-4bfa-ab54-b88dac0a20dc/intent
GET /pulls/509f8039-0250-4bfa-ab54-b88dac0a20dc/blast
GET /repos/57bbf045-f4fb-4d57-bd66-80f5b9770243/index-state
GET /repos/57bbf045-f4fb-4d57-bd66-80f5b9770243/pulls
GET /repos
GET /pulls/af0108b8-9dde-4a85-bd08-cbeb0f4b39cf
GET /pulls/af0108b8-9dde-4a85-bd08-cbeb0f4b39cf/reviews
GET /pulls/af0108b8-9dde-4a85-bd08-cbeb0f4b39cf/runs/active
GET /pulls/af0108b8-9dde-4a85-bd08-cbeb0f4b39cf/runs
GET /agents
GET /pulls/af0108b8-9dde-4a85-bd08-cbeb0f4b39cf/intent
GET /pulls/af0108b8-9dde-4a85-bd08-cbeb0f4b39cf/blast
GET /repos/57bbf045-f4fb-4d57-bd66-80f5b9770243/index-state
GET /repos/60b65c63-d2bb-49b8-ba83-8ac876ee1ffd/pulls
GET /repos
GET /pulls/9bc5ea1d-d10b-40c4-8705-d6916b0bcd8d
GET /pulls/9bc5ea1d-d10b-40c4-8705-d6916b0bcd8d/reviews
GET /pulls/9bc5ea1d-d10b-40c4-8705-d6916b0bcd8d/runs/active
GET /pulls/9bc5ea1d-d10b-40c4-8705-d6916b0bcd8d/runs
GET /agents
GET /pulls/9bc5ea1d-d10b-40c4-8705-d6916b0bcd8d/intent
GET /pulls/9bc5ea1d-d10b-40c4-8705-d6916b0bcd8d/blast
GET /repos/60b65c63-d2bb-49b8-ba83-8ac876ee1ffd/index-state
