GET /repos/57bbf045-f4fb-4d57-bd66-80f5b9770243/pulls
GET /repos
GET /pulls/72986ce4-cb71-4cea-b613-2beda8dbb7a1
GET /pulls/72986ce4-cb71-4cea-b613-2beda8dbb7a1/reviews
GET /pulls/72986ce4-cb71-4cea-b613-2beda8dbb7a1/runs/active
GET /pulls/72986ce4-cb71-4cea-b613-2beda8dbb7a1/runs
GET /agents
GET /pulls/72986ce4-cb71-4cea-b613-2beda8dbb7a1/comments
GET /pulls/72986ce4-cb71-4cea-b613-2beda8dbb7a1/smart-diff
POST /pulls/72986ce4-cb71-4cea-b613-2beda8dbb7a1/review
GET /pulls/72986ce4-cb71-4cea-b613-2beda8dbb7a1/reviews
GET /pulls/72986ce4-cb71-4cea-b613-2beda8dbb7a1/runs/active
GET /runs/1331931d-7e2a-43bf-8c04-7034e42b4621/events
GET /pulls/72986ce4-cb71-4cea-b613-2beda8dbb7a1/runs/active
GET /pulls/72986ce4-cb71-4cea-b613-2beda8dbb7a1/comments
GET /pulls/72986ce4-cb71-4cea-b613-2beda8dbb7a1/smart-diff
GET /pulls/72986ce4-cb71-4cea-b613-2beda8dbb7a1/runs/active
GET /pulls/72986ce4-cb71-4cea-b613-2beda8dbb7a1/runs/active
GET /pulls/72986ce4-cb71-4cea-b613-2beda8dbb7a1/runs/active
GET /pulls/72986ce4-cb71-4cea-b613-2beda8dbb7a1/runs/active
GET /pulls/72986ce4-cb71-4cea-b613-2beda8dbb7a1/runs/active
GET /pulls/72986ce4-cb71-4cea-b613-2beda8dbb7a1/runs/active
GET /pulls/72986ce4-cb71-4cea-b613-2beda8dbb7a1/runs/active
GET /repos/57bbf045-f4fb-4d57-bd66-80f5b9770243/pulls
GET /pulls/72986ce4-cb71-4cea-b613-2beda8dbb7a1/runs/active
GET /pulls/72986ce4-cb71-4cea-b613-2beda8dbb7a1/runs/active
GET /pulls/72986ce4-cb71-4cea-b613-2beda8dbb7a1/runs/active
GET /pulls/72986ce4-cb71-4cea-b613-2beda8dbb7a1/runs/active
GET /pulls/72986ce4-cb71-4cea-b613-2beda8dbb7a1/runs/active
GET /pulls/72986ce4-cb71-4cea-b613-2beda8dbb7a1/runs/active
GET /pulls/72986ce4-cb71-4cea-b613-2beda8dbb7a1/runs/active
GET /pulls/72986ce4-cb71-4cea-b613-2beda8dbb7a1/runs/active
GET /pulls/72986ce4-cb71-4cea-b613-2beda8dbb7a1/runs/active
GET /pulls/72986ce4-cb71-4cea-b613-2beda8dbb7a1/reviews
GET /repos/57bbf045-f4fb-4d57-bd66-80f5b9770243/pulls
POST /findings/d3058e7f-b250-48d5-b772-205602790e8d/accept
GET /pulls/72986ce4-cb71-4cea-b613-2beda8dbb7a1/reviews
GET /pulls/72986ce4-cb71-4cea-b613-2beda8dbb7a1/intent
POST /pulls/72986ce4-cb71-4cea-b613-2beda8dbb7a1/intent
GET /pulls/72986ce4-cb71-4cea-b613-2beda8dbb7a1
